// Jest Snapshot v1, https://goo.gl/fbAQLP

exports[`Pueba en <Notification/> Debe renderizar notificaciones 1`] = `
<div
  className="col-3"
>
  <h4>
    These need your attention
  </h4>
  <div
    className="row"
  >
    <div
      className="row"
      key="user-check"
    >
      <div
        className="col mb-2"
      >
        <i
          className="mr-2 fas fa-user-check"
        />
        Pending John Does data verification
      </div>
    </div>
    <div
      className="row"
      key="envelope"
    >
      <div
        className="col mb-2"
      >
        <i
          className="mr-2 fas fa-envelope"
        />
        Lorem ipsum dolor sit armet...
      </div>
    </div>
    <div
      className="row"
      key="calendar"
    >
      <div
        className="col mb-2"
      >
        <i
          className="mr-2 fas fa-calendar"
        />
        new meeting schedule for...
      </div>
    </div>
  </div>
  <div
    className="row"
  >
    <div
      className="col align-self-center"
    >
      <Link
        to="/"
      >
        View All
      </Link>
    </div>
  </div>
</div>
`;
