// Jest Snapshot v1, https://goo.gl/fbAQLP

exports[`CoOwnerSM component debe mostrar snapshot 1`] = `
<Fragment>
  <Container
    tag="div"
  >
    <Row
      tag="div"
      widths={
        Array [
          "xs",
          "sm",
          "md",
          "lg",
          "xl",
        ]
      }
    >
      <Select />
    </Row>
  </Container>
</Fragment>
`;
