// Jest Snapshot v1, https://goo.gl/fbAQLP

exports[`DayPass component debe mostrar snapshot 1`] = `
<Fragment>
  <Button
    active={false}
    disabled={false}
    onClick={[Function]}
    variant="primary"
  >
    Day Pass
  </Button>
  <Modal
    animation={true}
    aria-labelledby="contained-modal-title-vcenter"
    autoFocus={true}
    backdrop={true}
    centered={true}
    dialogAs={
      Object {
        "$$typeof": Symbol(react.forward_ref),
        "render": [Function],
      }
    }
    enforceFocus={true}
    keyboard={true}
    onHide={[Function]}
    restoreFocus={true}
    show={false}
    size="xl"
  >
    <ModalHeader
      closeButton={true}
      closeLabel="Close"
    >
      <ModalTitle>
        Day Pass
      </ModalTitle>
    </ModalHeader>
    <div
      className="container"
    >
      <div
        className="row"
      >
        <p>
          Member Name:
          Lorem Input
             Pany:
          5
            Application:
          6007770
        </p>
      </div>
    </div>
    <ModalBody>
      <TablaDayPass />
    </ModalBody>
    <ModalFooter>
      <Button
        active={false}
        disabled={false}
        onClick={[Function]}
        variant="secondary"
      >
        Cerrar
      </Button>
      <Button
        active={false}
        disabled={false}
        onclick="javascript:window.print()"
        variant="primary"
      >
        Print
      </Button>
    </ModalFooter>
  </Modal>
</Fragment>
`;
