// Jest Snapshot v1, https://goo.gl/fbAQLP

exports[`AccountsReceivableFilters component debe mostrar snapshot 1`] = `
<Row
  tag="div"
  widths={
    Array [
      "xs",
      "sm",
      "md",
      "lg",
      "xl",
    ]
  }
>
  <Col
    className="border"
    tag="div"
    widths={
      Array [
        "xs",
        "sm",
        "md",
        "lg",
        "xl",
      ]
    }
  >
    <Row
      tag="div"
      widths={
        Array [
          "xs",
          "sm",
          "md",
          "lg",
          "xl",
        ]
      }
    >
      <Label
        tag="label"
        widths={
          Array [
            "xs",
            "sm",
            "md",
            "lg",
            "xl",
          ]
        }
      >
        National or Foreigners
         
        <Input
          type="select"
        >
          <option>
            TODOS
          </option>
        </Input>
      </Label>
    </Row>
    <Row
      tag="div"
      widths={
        Array [
          "xs",
          "sm",
          "md",
          "lg",
          "xl",
        ]
      }
    >
      <Label
        tag="label"
        widths={
          Array [
            "xs",
            "sm",
            "md",
            "lg",
            "xl",
          ]
        }
      >
        Company
         
        <Input
          type="select"
        >
          <option />
        </Input>
      </Label>
    </Row>
    <Row
      tag="div"
      widths={
        Array [
          "xs",
          "sm",
          "md",
          "lg",
          "xl",
        ]
      }
    >
      <Label
        tag="label"
        widths={
          Array [
            "xs",
            "sm",
            "md",
            "lg",
            "xl",
          ]
        }
      >
        Portfolio
         
        <Input
          type="select"
        >
          <option>
            ALL
          </option>
        </Input>
      </Label>
    </Row>
    <Row
      className="border"
      tag="div"
      widths={
        Array [
          "xs",
          "sm",
          "md",
          "lg",
          "xl",
        ]
      }
    >
      <span>
        Active|Temp|Both
      </span>
      <Col
        tag="div"
        widths={
          Array [
            "xs",
            "sm",
            "md",
            "lg",
            "xl",
          ]
        }
      >
        Type Member
         
        <Input
          type="select"
        >
          <option>
            Both
          </option>
        </Input>
      </Col>
    </Row>
  </Col>
  <Col
    className="border"
    tag="div"
    widths={
      Array [
        "xs",
        "sm",
        "md",
        "lg",
        "xl",
      ]
    }
  >
    <Row
      tag="div"
      widths={
        Array [
          "xs",
          "sm",
          "md",
          "lg",
          "xl",
        ]
      }
    >
      <Label
        tag="label"
        widths={
          Array [
            "xs",
            "sm",
            "md",
            "lg",
            "xl",
          ]
        }
      >
        Number Account
         
        <Input
          type="select"
        >
          <option />
        </Input>
      </Label>
    </Row>
    <Row
      tag="div"
      widths={
        Array [
          "xs",
          "sm",
          "md",
          "lg",
          "xl",
        ]
      }
    >
      <Label
        tag="label"
        widths={
          Array [
            "xs",
            "sm",
            "md",
            "lg",
            "xl",
          ]
        }
      >
        Society 
        <Input
          type="text"
        />
      </Label>
    </Row>
    <Row
      tag="div"
      widths={
        Array [
          "xs",
          "sm",
          "md",
          "lg",
          "xl",
        ]
      }
    >
      <Label
        tag="label"
        widths={
          Array [
            "xs",
            "sm",
            "md",
            "lg",
            "xl",
          ]
        }
      >
        Date 
        <Input
          type="date"
        />
      </Label>
    </Row>
    <Row
      tag="div"
      widths={
        Array [
          "xs",
          "sm",
          "md",
          "lg",
          "xl",
        ]
      }
    >
      <Label
        tag="label"
        widths={
          Array [
            "xs",
            "sm",
            "md",
            "lg",
            "xl",
          ]
        }
      >
        Application 
        <Input
          type="text"
        />
      </Label>
    </Row>
  </Col>
</Row>
`;
