// Jest Snapshot v1, https://goo.gl/fbAQLP

exports[`Pruebas del componente TableMemberInquiry Creacion de TableMemberInquiry 1`] = `
<main>
  <article
    className="content-area"
  >
    <h2
      className="mt-5 mb-5"
    >
      Date Range
    </h2>
    <div>
      <table
        className="table"
        id="resume-table"
      >
        <form>
          <div
            className="form-group"
          >
            <div
              className="row"
            >
              <div
                className="input-group get-member col-lg-6 mb-3"
                id="gm-group"
              >
                <input
                  aria-describedby="Get member"
                  aria-label="Get member"
                  className="form-control"
                  placeholder="Get member..."
                  type="text"
                />
                <div
                  className="input-group-append"
                >
                  <button
                    className="btn btn-secondary"
                    id="get-member"
                    type="button"
                  >
                    <i
                      className="fas fa-search"
                    />
                  </button>
                </div>
                <button
                  alt="Filters"
                  className="btn btn-link ml-2"
                  id="btn-filters"
                  onclick="return openFilters()"
                  title="Filters"
                  type="button"
                >
                  <i
                    className="fas fa-filter"
                  />
                </button>
              </div>
              <div
                className="col-lg-6 mb-3 text-right"
              >
                <button
                  className="btn btn-primary"
                  type="button"
                >
                  <i
                    className="fas fa-user-plus mr-2"
                  />
                  New member
                </button>
              </div>
              <div
                className="filters-container col"
                id="filters-container"
              >
                <div
                  className="row"
                >
                  <div
                    className="col-lg-3 mb-3"
                  >
                    <label
                      for="office"
                    >
                      Office
                    </label>
                    <select
                      className="form-control"
                      id="office"
                    >
                      <option>
                        Select an office
                      </option>
                      <option>
                        Sunrise
                      </option>
                    </select>
                  </div>
                  <div
                    className="col-lg-3 mb-3"
                  >
                    <label
                      for="application"
                    >
                      Application
                    </label>
                    <input
                      className="form-control"
                      id="application"
                      name="application"
                      placeholder="1234567"
                      type="text"
                    />
                  </div>
                  <div
                    className="col-lg-3 mb-3"
                  >
                    <label
                      for="application"
                    >
                      Date
                    </label>
                    <input
                      className="form-control"
                      id="application"
                      name="application"
                      placeholder="1234567"
                      type="date"
                    />
                  </div>
                </div>
              </div>
            </div>
          </div>
        </form>
        <thead>
          <tr>
            <th>
              <div
                className="checkbox_input"
              >
                <input
                  checked={true}
                  name="checkRow3"
                  type="checkbox"
                />
                <span
                  className="checkmark"
                />
              </div>
            </th>
            <th
              scope="col"
            >
              Fin.ID
            </th>
            <th
              scope="col"
            >
              Payment ID
            </th>
            <th
              scope="col"
            >
              Amount
            </th>
            <th
              scope="col"
            >
              Admin Fee
            </th>
            <th
              scope="col"
            >
              Amount Paid
            </th>
            <th
              scope="col"
            >
              Date
            </th>
            <th
              scope="col"
            >
              Status
            </th>
          </tr>
        </thead>
        <tbody>
          <tr>
            <td>
              <div
                className="checkbox_input"
              >
                <input
                  name="checkRow3"
                  type="checkbox"
                />
                <span
                  className="checkmark"
                />
              </div>
            </td>
            <td>
              21757
            </td>
            <td>
              1
            </td>
            <td>
              $534.72
            </td>
            <td>
              $0.00
            </td>
            <td>
              $0.00
            </td>
            <td>
              02/15/2020
            </td>
            <td>
              Alta
            </td>
          </tr>
          <tr>
            <td>
              <div
                className="checkbox_input"
              >
                <input
                  name="checkRow3"
                  type="checkbox"
                />
                <span
                  className="checkmark"
                />
              </div>
            </td>
            <td>
              21757
            </td>
            <td>
              1
            </td>
            <td>
              $534.72
            </td>
            <td>
              $0.00
            </td>
            <td>
              $0.00
            </td>
            <td>
              02/15/2020
            </td>
            <td>
              Alta
            </td>
          </tr>
          <tr>
            <td>
              <div
                className="checkbox_input"
              >
                <input
                  name="checkRow3"
                  type="checkbox"
                />
                <span
                  className="checkmark"
                />
              </div>
            </td>
            <td>
              21757
            </td>
            <td>
              1
            </td>
            <td>
              $534.72
            </td>
            <td>
              $0.00
            </td>
            <td>
              $0.00
            </td>
            <td>
              02/15/2020
            </td>
            <td>
              Alta
            </td>
          </tr>
          <tr>
            <td>
              <div
                className="checkbox_input"
              >
                <input
                  name="checkRow3"
                  type="checkbox"
                />
                <span
                  className="checkmark"
                />
              </div>
            </td>
            <td>
              21757
            </td>
            <td>
              1
            </td>
            <td>
              $534.72
            </td>
            <td>
              $0.00
            </td>
            <td>
              $0.00
            </td>
            <td>
              02/15/2020
            </td>
            <td>
              Alta
            </td>
          </tr>
        </tbody>
      </table>
      <div
        className="table-footer"
      >
        <small
          id="table-meta"
        >
          4 of 2000 registers
        </small>
        <nav
          aria-label="Page navigation"
        >
          <ul
            className="table-pagination"
          >
            <li
              className="tp-item"
            >
              <a
                className="tp-link"
                href="#"
              >
                <i
                  className="fas fa-step-backward"
                />
              </a>
            </li>
            <li
              className="tp-item"
            >
              <a
                className="tp-link active"
                href="#"
              >
                1
              </a>
            </li>
            <li
              className="tp-item"
            >
              <a
                className="tp-link"
                href="#"
              >
                2
              </a>
            </li>
            <li
              className="tp-item"
            >
              <a
                className="tp-link"
                href="#"
              >
                3
              </a>
            </li>
            <li
              className="tp-item"
            >
              <a
                className="tp-link"
                href="#"
              >
                <i
                  className="fas fa-step-forward"
                />
              </a>
            </li>
          </ul>
        </nav>
      </div>
    </div>
  </article>
</main>
`;
