// Jest Snapshot v1, https://goo.gl/fbAQLP

exports[`PaymentPosting component debe mostrar snapshot 1`] = `
<Fragment>
  <Card
    tag="div"
  >
    <CardBody
      tag="div"
    >
      <CardTitle
        tag="div"
      >
        <h3>
          Payment Posting
        </h3>
      </CardTitle>
      <br />
      <h5>
        Member Information
      </h5>
      <br />
      <Row
        tag="div"
        widths={
          Array [
            "xs",
            "sm",
            "md",
            "lg",
            "xl",
          ]
        }
      >
        <Col
          tag="div"
          widths={
            Array [
              "xs",
              "sm",
              "md",
              "lg",
              "xl",
            ]
          }
          xs="3"
        >
          <Label
            tag="label"
            widths={
              Array [
                "xs",
                "sm",
                "md",
                "lg",
                "xl",
              ]
            }
          >
            Member Name
          </Label>
          <Input
            type="text"
          />
        </Col>
      </Row>
      <br />
      <Row
        tag="div"
        widths={
          Array [
            "xs",
            "sm",
            "md",
            "lg",
            "xl",
          ]
        }
      >
        <Col
          tag="div"
          widths={
            Array [
              "xs",
              "sm",
              "md",
              "lg",
              "xl",
            ]
          }
          xs="3"
        >
          <Label
            tag="label"
            widths={
              Array [
                "xs",
                "sm",
                "md",
                "lg",
                "xl",
              ]
            }
          >
            Company 
          </Label>
          <Input
            type="text"
          />
        </Col>
        <Col
          tag="div"
          widths={
            Array [
              "xs",
              "sm",
              "md",
              "lg",
              "xl",
            ]
          }
          xs="3"
        >
          <Label
            tag="label"
            widths={
              Array [
                "xs",
                "sm",
                "md",
                "lg",
                "xl",
              ]
            }
          >
            Application 
          </Label>
          <Input
            type="text"
          />
        </Col>
        <Col
          tag="div"
          widths={
            Array [
              "xs",
              "sm",
              "md",
              "lg",
              "xl",
            ]
          }
          xs="3"
        >
          <Label
            tag="label"
            widths={
              Array [
                "xs",
                "sm",
                "md",
                "lg",
                "xl",
              ]
            }
          >
             Portafolio
          </Label>
          <Input
            type="text"
          />
        </Col>
        <Col
          tag="div"
          widths={
            Array [
              "xs",
              "sm",
              "md",
              "lg",
              "xl",
            ]
          }
          xs="3"
        >
          <Button
            color="primary"
            tag="button"
          >
            Specify Member
          </Button>
        </Col>
      </Row>
      <br />
      <Card
        tag="div"
      >
        <CardBody
          tag="div"
        >
          <CardTitle
            tag="div"
          >
            <h5>
              Current Member Statistics
            </h5>
          </CardTitle>
          <Row
            tag="div"
            widths={
              Array [
                "xs",
                "sm",
                "md",
                "lg",
                "xl",
              ]
            }
          >
            <Col
              tag="div"
              widths={
                Array [
                  "xs",
                  "sm",
                  "md",
                  "lg",
                  "xl",
                ]
              }
              xs="9"
            />
            <Col
              tag="div"
              widths={
                Array [
                  "xs",
                  "sm",
                  "md",
                  "lg",
                  "xl",
                ]
              }
              xs="3"
            >
              <Label
                tag="label"
                widths={
                  Array [
                    "xs",
                    "sm",
                    "md",
                    "lg",
                    "xl",
                  ]
                }
              >
                FDB
              </Label>
              <Input
                type="text"
              />
            </Col>
          </Row>
          <br />
          <Row
            tag="div"
            widths={
              Array [
                "xs",
                "sm",
                "md",
                "lg",
                "xl",
              ]
            }
          >
            <Col
              tag="div"
              widths={
                Array [
                  "xs",
                  "sm",
                  "md",
                  "lg",
                  "xl",
                ]
              }
              xs="1"
            />
            <Col
              tag="div"
              widths={
                Array [
                  "xs",
                  "sm",
                  "md",
                  "lg",
                  "xl",
                ]
              }
              xs="2"
            >
              <span>
                DOWN PAYMENT
              </span>
            </Col>
            <Col
              tag="div"
              widths={
                Array [
                  "xs",
                  "sm",
                  "md",
                  "lg",
                  "xl",
                ]
              }
              xs="1"
            />
            <Col
              tag="div"
              widths={
                Array [
                  "xs",
                  "sm",
                  "md",
                  "lg",
                  "xl",
                ]
              }
              xs="2"
            >
              <span>
                COLLECTED
              </span>
            </Col>
            <Col
              tag="div"
              widths={
                Array [
                  "xs",
                  "sm",
                  "md",
                  "lg",
                  "xl",
                ]
              }
              xs="1"
            />
            <Col
              tag="div"
              widths={
                Array [
                  "xs",
                  "sm",
                  "md",
                  "lg",
                  "xl",
                ]
              }
              xs="2"
            >
              <span>
                REMAINING
              </span>
            </Col>
            <Col
              tag="div"
              widths={
                Array [
                  "xs",
                  "sm",
                  "md",
                  "lg",
                  "xl",
                ]
              }
              xs="3"
            >
              <Row
                tag="div"
                widths={
                  Array [
                    "xs",
                    "sm",
                    "md",
                    "lg",
                    "xl",
                  ]
                }
              >
                <Col
                  tag="div"
                  widths={
                    Array [
                      "xs",
                      "sm",
                      "md",
                      "lg",
                      "xl",
                    ]
                  }
                >
                  <Label
                    tag="label"
                    widths={
                      Array [
                        "xs",
                        "sm",
                        "md",
                        "lg",
                        "xl",
                      ]
                    }
                  >
                    Prints
                  </Label>
                  <Input
                    type="text"
                  />
                </Col>
                <Col
                  tag="div"
                  widths={
                    Array [
                      "xs",
                      "sm",
                      "md",
                      "lg",
                      "xl",
                    ]
                  }
                >
                  <Label
                    tag="label"
                    widths={
                      Array [
                        "xs",
                        "sm",
                        "md",
                        "lg",
                        "xl",
                      ]
                    }
                  >
                    Delq
                  </Label>
                  <Input
                    type="text"
                  />
                </Col>
              </Row>
            </Col>
          </Row>
          <br />
          <Row
            tag="div"
            widths={
              Array [
                "xs",
                "sm",
                "md",
                "lg",
                "xl",
              ]
            }
          >
            <Col
              tag="div"
              widths={
                Array [
                  "xs",
                  "sm",
                  "md",
                  "lg",
                  "xl",
                ]
              }
              xs="3"
            >
              <Label
                tag="label"
                widths={
                  Array [
                    "xs",
                    "sm",
                    "md",
                    "lg",
                    "xl",
                  ]
                }
              >
                Escrow
              </Label>
              <Input
                type="text"
              />
            </Col>
            <Col
              tag="div"
              widths={
                Array [
                  "xs",
                  "sm",
                  "md",
                  "lg",
                  "xl",
                ]
              }
              xs="3"
            >
              <Label
                tag="label"
                widths={
                  Array [
                    "xs",
                    "sm",
                    "md",
                    "lg",
                    "xl",
                  ]
                }
              >
                Principal
              </Label>
              <Input
                type="text"
              />
            </Col>
            <Col
              tag="div"
              widths={
                Array [
                  "xs",
                  "sm",
                  "md",
                  "lg",
                  "xl",
                ]
              }
              xs="3"
            >
              <Label
                tag="label"
                widths={
                  Array [
                    "xs",
                    "sm",
                    "md",
                    "lg",
                    "xl",
                  ]
                }
              >
                .
              </Label>
              <Input
                type="text"
              />
            </Col>
            <Col
              tag="div"
              widths={
                Array [
                  "xs",
                  "sm",
                  "md",
                  "lg",
                  "xl",
                ]
              }
              xs="3"
            >
              <Label
                tag="label"
                widths={
                  Array [
                    "xs",
                    "sm",
                    "md",
                    "lg",
                    "xl",
                  ]
                }
              >
                Sale Price
              </Label>
              <Input
                type="text"
              />
            </Col>
          </Row>
          <br />
          <Row
            tag="div"
            widths={
              Array [
                "xs",
                "sm",
                "md",
                "lg",
                "xl",
              ]
            }
          >
            <Col
              tag="div"
              widths={
                Array [
                  "xs",
                  "sm",
                  "md",
                  "lg",
                  "xl",
                ]
              }
              xs="3"
            >
              <Label
                tag="label"
                widths={
                  Array [
                    "xs",
                    "sm",
                    "md",
                    "lg",
                    "xl",
                  ]
                }
              >
                Balance
              </Label>
              <Input
                type="text"
              />
            </Col>
            <Col
              tag="div"
              widths={
                Array [
                  "xs",
                  "sm",
                  "md",
                  "lg",
                  "xl",
                ]
              }
              xs="3"
            >
              <Label
                tag="label"
                widths={
                  Array [
                    "xs",
                    "sm",
                    "md",
                    "lg",
                    "xl",
                  ]
                }
              >
                Interest
              </Label>
              <Input
                type="text"
              />
            </Col>
            <Col
              tag="div"
              widths={
                Array [
                  "xs",
                  "sm",
                  "md",
                  "lg",
                  "xl",
                ]
              }
              xs="3"
            >
              <Label
                tag="label"
                widths={
                  Array [
                    "xs",
                    "sm",
                    "md",
                    "lg",
                    "xl",
                  ]
                }
              >
                .
              </Label>
              <Input
                type="text"
              />
            </Col>
            <Col
              tag="div"
              widths={
                Array [
                  "xs",
                  "sm",
                  "md",
                  "lg",
                  "xl",
                ]
              }
              xs="3"
            >
              <Label
                tag="label"
                widths={
                  Array [
                    "xs",
                    "sm",
                    "md",
                    "lg",
                    "xl",
                  ]
                }
              >
                Monthy Print
              </Label>
              <Input
                type="text"
              />
            </Col>
          </Row>
          <br />
          <Row
            tag="div"
            widths={
              Array [
                "xs",
                "sm",
                "md",
                "lg",
                "xl",
              ]
            }
          >
            <Col
              tag="div"
              widths={
                Array [
                  "xs",
                  "sm",
                  "md",
                  "lg",
                  "xl",
                ]
              }
              xs="3"
            >
              <Label
                tag="label"
                widths={
                  Array [
                    "xs",
                    "sm",
                    "md",
                    "lg",
                    "xl",
                  ]
                }
              >
                Total
              </Label>
              <Input
                type="text"
              />
            </Col>
            <Col
              tag="div"
              widths={
                Array [
                  "xs",
                  "sm",
                  "md",
                  "lg",
                  "xl",
                ]
              }
              xs="3"
            >
              <Label
                tag="label"
                widths={
                  Array [
                    "xs",
                    "sm",
                    "md",
                    "lg",
                    "xl",
                  ]
                }
              >
                Total
              </Label>
              <Input
                type="text"
              />
            </Col>
            <Col
              tag="div"
              widths={
                Array [
                  "xs",
                  "sm",
                  "md",
                  "lg",
                  "xl",
                ]
              }
              xs="3"
            >
              <Label
                tag="label"
                widths={
                  Array [
                    "xs",
                    "sm",
                    "md",
                    "lg",
                    "xl",
                  ]
                }
              >
                .
              </Label>
              <Input
                type="text"
              />
            </Col>
            <Col
              tag="div"
              widths={
                Array [
                  "xs",
                  "sm",
                  "md",
                  "lg",
                  "xl",
                ]
              }
              xs="3"
            >
              <Label
                tag="label"
                widths={
                  Array [
                    "xs",
                    "sm",
                    "md",
                    "lg",
                    "xl",
                  ]
                }
              >
                Suspense
              </Label>
              <Input
                type="text"
              />
            </Col>
          </Row>
        </CardBody>
      </Card>
      <br />
      <Card
        tag="div"
      >
        <CardBody
          tag="div"
        >
          <CardTitle
            tag="div"
          >
            <h5>
              CAPTURE BANK ACCOUNT
            </h5>
          </CardTitle>
          <Row
            tag="div"
            widths={
              Array [
                "xs",
                "sm",
                "md",
                "lg",
                "xl",
              ]
            }
          >
            <Col
              tag="div"
              widths={
                Array [
                  "xs",
                  "sm",
                  "md",
                  "lg",
                  "xl",
                ]
              }
              xs="3"
            >
              <br />
              <Card
                tag="div"
              >
                <CardBody
                  tag="div"
                >
                  <CardTitle
                    tag="div"
                  >
                    <span>
                      Bank Account
                    </span>
                  </CardTitle>
                  <br />
                  <Row
                    tag="div"
                    widths={
                      Array [
                        "xs",
                        "sm",
                        "md",
                        "lg",
                        "xl",
                      ]
                    }
                  >
                    <Col
                      tag="div"
                      widths={
                        Array [
                          "xs",
                          "sm",
                          "md",
                          "lg",
                          "xl",
                        ]
                      }
                    >
                      <Label
                        tag="label"
                        widths={
                          Array [
                            "xs",
                            "sm",
                            "md",
                            "lg",
                            "xl",
                          ]
                        }
                      >
                        Bank
                      </Label>
                      <Input
                        disabled={true}
                        type="select"
                      >
                        <option>
                          Unassigned
                        </option>
                      </Input>
                    </Col>
                  </Row>
                  <br />
                  <Row
                    tag="div"
                    widths={
                      Array [
                        "xs",
                        "sm",
                        "md",
                        "lg",
                        "xl",
                      ]
                    }
                  >
                    <Col
                      tag="div"
                      widths={
                        Array [
                          "xs",
                          "sm",
                          "md",
                          "lg",
                          "xl",
                        ]
                      }
                    >
                      <Label
                        tag="label"
                        widths={
                          Array [
                            "xs",
                            "sm",
                            "md",
                            "lg",
                            "xl",
                          ]
                        }
                      >
                        Room 
                      </Label>
                      <Input
                        disabled={true}
                        type="select"
                      >
                        <option>
                          BEACH PALACE
                        </option>
                      </Input>
                    </Col>
                  </Row>
                  <br />
                  <Row
                    tag="div"
                    widths={
                      Array [
                        "xs",
                        "sm",
                        "md",
                        "lg",
                        "xl",
                      ]
                    }
                  >
                    <Col
                      tag="div"
                      widths={
                        Array [
                          "xs",
                          "sm",
                          "md",
                          "lg",
                          "xl",
                        ]
                      }
                    >
                      <Label
                        tag="label"
                        widths={
                          Array [
                            "xs",
                            "sm",
                            "md",
                            "lg",
                            "xl",
                          ]
                        }
                      >
                        Currency 
                      </Label>
                      <Input
                        disabled={true}
                        type="select"
                      >
                        <option />
                      </Input>
                    </Col>
                  </Row>
                </CardBody>
              </Card>
            </Col>
            <Col
              tag="div"
              widths={
                Array [
                  "xs",
                  "sm",
                  "md",
                  "lg",
                  "xl",
                ]
              }
              xs="9"
            >
              <br />
              <Row
                tag="div"
                widths={
                  Array [
                    "xs",
                    "sm",
                    "md",
                    "lg",
                    "xl",
                  ]
                }
              >
                <Col
                  tag="div"
                  widths={
                    Array [
                      "xs",
                      "sm",
                      "md",
                      "lg",
                      "xl",
                    ]
                  }
                  xs="3"
                >
                  <Label
                    tag="label"
                    widths={
                      Array [
                        "xs",
                        "sm",
                        "md",
                        "lg",
                        "xl",
                      ]
                    }
                  >
                    TRANSACTION TYPE
                  </Label>
                  <Input
                    type="text"
                  />
                </Col>
                <Col
                  tag="div"
                  widths={
                    Array [
                      "xs",
                      "sm",
                      "md",
                      "lg",
                      "xl",
                    ]
                  }
                  xs="3"
                >
                  <Label
                    tag="label"
                    widths={
                      Array [
                        "xs",
                        "sm",
                        "md",
                        "lg",
                        "xl",
                      ]
                    }
                  >
                    .
                  </Label>
                  <Input
                    type="select"
                  >
                    <option />
                  </Input>
                </Col>
                <Col
                  tag="div"
                  widths={
                    Array [
                      "xs",
                      "sm",
                      "md",
                      "lg",
                      "xl",
                    ]
                  }
                  xs="3"
                >
                  <Label
                    tag="label"
                    widths={
                      Array [
                        "xs",
                        "sm",
                        "md",
                        "lg",
                        "xl",
                      ]
                    }
                  >
                    CC. TYPE
                  </Label>
                  <Input
                    disabled={true}
                    type="select"
                  >
                    <option>
                      AMERICAN EXPRESS
                    </option>
                  </Input>
                </Col>
              </Row>
              <br />
              <Row
                tag="div"
                widths={
                  Array [
                    "xs",
                    "sm",
                    "md",
                    "lg",
                    "xl",
                  ]
                }
              >
                <Col
                  tag="div"
                  widths={
                    Array [
                      "xs",
                      "sm",
                      "md",
                      "lg",
                      "xl",
                    ]
                  }
                  xs="6"
                >
                  <Label
                    tag="label"
                    widths={
                      Array [
                        "xs",
                        "sm",
                        "md",
                        "lg",
                        "xl",
                      ]
                    }
                  >
                    BANK ACCOUNT
                  </Label>
                  <Input
                    type="text"
                  />
                </Col>
                <Col
                  tag="div"
                  widths={
                    Array [
                      "xs",
                      "sm",
                      "md",
                      "lg",
                      "xl",
                    ]
                  }
                  xs="3"
                >
                  <Label
                    tag="label"
                    widths={
                      Array [
                        "xs",
                        "sm",
                        "md",
                        "lg",
                        "xl",
                      ]
                    }
                  >
                    AFFILATION
                  </Label>
                  <Input
                    disabled={true}
                    type="select"
                  >
                    <option>
                      AMERICAN EXPRESS
                    </option>
                  </Input>
                </Col>
              </Row>
              <br />
              <Row
                tag="div"
                widths={
                  Array [
                    "xs",
                    "sm",
                    "md",
                    "lg",
                    "xl",
                  ]
                }
              >
                <Col
                  tag="div"
                  widths={
                    Array [
                      "xs",
                      "sm",
                      "md",
                      "lg",
                      "xl",
                    ]
                  }
                  xs="6"
                >
                  <Label
                    tag="label"
                    widths={
                      Array [
                        "xs",
                        "sm",
                        "md",
                        "lg",
                        "xl",
                      ]
                    }
                  >
                    PAYMENT REF.
                  </Label>
                  <Input
                    type="text"
                  />
                </Col>
              </Row>
              <br />
              <Row
                tag="div"
                widths={
                  Array [
                    "xs",
                    "sm",
                    "md",
                    "lg",
                    "xl",
                  ]
                }
              >
                <Col
                  tag="div"
                  widths={
                    Array [
                      "xs",
                      "sm",
                      "md",
                      "lg",
                      "xl",
                    ]
                  }
                  xs="6"
                >
                  <Label
                    tag="label"
                    widths={
                      Array [
                        "xs",
                        "sm",
                        "md",
                        "lg",
                        "xl",
                      ]
                    }
                  >
                    BANK ACCOUNT
                  </Label>
                  <Input
                    type="text"
                  />
                </Col>
                <Col
                  tag="div"
                  widths={
                    Array [
                      "xs",
                      "sm",
                      "md",
                      "lg",
                      "xl",
                    ]
                  }
                  xs="3"
                >
                  <Label
                    tag="label"
                    widths={
                      Array [
                        "xs",
                        "sm",
                        "md",
                        "lg",
                        "xl",
                      ]
                    }
                  >
                    APPLICATION BANK
                  </Label>
                  <Input
                    disabled={true}
                    type="select"
                  >
                    <option>
                      AMERICAN EXPRESS
                    </option>
                  </Input>
                </Col>
              </Row>
              <br />
            </Col>
          </Row>
        </CardBody>
      </Card>
      <Card
        tag="div"
      >
        <CardBody
          tag="div"
        >
          <CardTitle
            tag="div"
          >
            <span>
              Payment Data
            </span>
          </CardTitle>
          <br />
          <Row
            tag="div"
            widths={
              Array [
                "xs",
                "sm",
                "md",
                "lg",
                "xl",
              ]
            }
          >
            <Col
              tag="div"
              widths={
                Array [
                  "xs",
                  "sm",
                  "md",
                  "lg",
                  "xl",
                ]
              }
              xs="3"
            >
              <Label
                tag="label"
                widths={
                  Array [
                    "xs",
                    "sm",
                    "md",
                    "lg",
                    "xl",
                  ]
                }
              >
                INVOICE CHECK #
              </Label>
              <Input
                disabled={true}
                type="text"
              />
            </Col>
            <Col
              tag="div"
              widths={
                Array [
                  "xs",
                  "sm",
                  "md",
                  "lg",
                  "xl",
                ]
              }
              xs="3"
            >
              <Label
                tag="label"
                widths={
                  Array [
                    "xs",
                    "sm",
                    "md",
                    "lg",
                    "xl",
                  ]
                }
              >
                TRANSLATION DATE
              </Label>
              <Input
                disabled={true}
                type="date"
              />
            </Col>
          </Row>
          <br />
          <Row
            tag="div"
            widths={
              Array [
                "xs",
                "sm",
                "md",
                "lg",
                "xl",
              ]
            }
          >
            <Col
              tag="div"
              widths={
                Array [
                  "xs",
                  "sm",
                  "md",
                  "lg",
                  "xl",
                ]
              }
              xs="3"
            >
              <Label
                tag="label"
                widths={
                  Array [
                    "xs",
                    "sm",
                    "md",
                    "lg",
                    "xl",
                  ]
                }
              >
                .
              </Label>
              <Input
                disabled={true}
                type="select"
              >
                <option />
              </Input>
            </Col>
            <Col
              tag="div"
              widths={
                Array [
                  "xs",
                  "sm",
                  "md",
                  "lg",
                  "xl",
                ]
              }
              xs="3"
            >
              <Label
                tag="label"
                widths={
                  Array [
                    "xs",
                    "sm",
                    "md",
                    "lg",
                    "xl",
                  ]
                }
              >
                CODE
              </Label>
              <Input
                disabled={true}
                type="select"
              >
                <option />
              </Input>
            </Col>
            <Col
              tag="div"
              widths={
                Array [
                  "xs",
                  "sm",
                  "md",
                  "lg",
                  "xl",
                ]
              }
              xs="3"
            >
              <Label
                tag="label"
                widths={
                  Array [
                    "xs",
                    "sm",
                    "md",
                    "lg",
                    "xl",
                  ]
                }
              >
                WHERE
              </Label>
              <Input
                disabled={true}
                type="select"
              >
                <option />
              </Input>
            </Col>
            <Col
              tag="div"
              widths={
                Array [
                  "xs",
                  "sm",
                  "md",
                  "lg",
                  "xl",
                ]
              }
              xs="3"
            >
              <span>
                (T.M.W.P.C = cc)
              </span>
              <br />
              <span>
                (A = AEX. D = dirdep)
              </span>
            </Col>
          </Row>
          <br />
          <Row
            tag="div"
            widths={
              Array [
                "xs",
                "sm",
                "md",
                "lg",
                "xl",
              ]
            }
          >
            <Col
              tag="div"
              widths={
                Array [
                  "xs",
                  "sm",
                  "md",
                  "lg",
                  "xl",
                ]
              }
              xs="6"
            >
              <Label
                tag="label"
                widths={
                  Array [
                    "xs",
                    "sm",
                    "md",
                    "lg",
                    "xl",
                  ]
                }
              >
                DESCRIPTION 
              </Label>
              <Input
                disabled={true}
                type="select"
              >
                <option />
              </Input>
            </Col>
            <Col
              tag="div"
              widths={
                Array [
                  "xs",
                  "sm",
                  "md",
                  "lg",
                  "xl",
                ]
              }
              xs="3"
            >
              <Label
                tag="label"
                widths={
                  Array [
                    "xs",
                    "sm",
                    "md",
                    "lg",
                    "xl",
                  ]
                }
              >
                .
              </Label>
              <Input
                disabled={true}
                type="select"
              >
                <option />
              </Input>
            </Col>
            <Col
              tag="div"
              widths={
                Array [
                  "xs",
                  "sm",
                  "md",
                  "lg",
                  "xl",
                ]
              }
              xs="3"
            >
              <Label
                tag="label"
                widths={
                  Array [
                    "xs",
                    "sm",
                    "md",
                    "lg",
                    "xl",
                  ]
                }
              >
                EXCHANGE 
              </Label>
              <Input
                disabled={true}
                type="select"
              >
                <option />
              </Input>
            </Col>
          </Row>
          <br />
          <Row
            tag="div"
            widths={
              Array [
                "xs",
                "sm",
                "md",
                "lg",
                "xl",
              ]
            }
          >
            <Col
              tag="div"
              widths={
                Array [
                  "xs",
                  "sm",
                  "md",
                  "lg",
                  "xl",
                ]
              }
            >
              <Card
                tag="div"
              >
                <CardBody
                  tag="div"
                >
                  <CardTitle
                    tag="div"
                  >
                    <span>
                      Avalaible Codes
                    </span>
                  </CardTitle>
                  <br />
                  <Row
                    tag="div"
                    widths={
                      Array [
                        "xs",
                        "sm",
                        "md",
                        "lg",
                        "xl",
                      ]
                    }
                  >
                    <Col
                      tag="div"
                      widths={
                        Array [
                          "xs",
                          "sm",
                          "md",
                          "lg",
                          "xl",
                        ]
                      }
                      xs="12"
                    >
                      <span>
                        F = RED PRIN B=BOUCED CHK H= CREDIT NOTE D=DOWN PAY E=ESCROW I=INTERES L=DEVIT ACT N=DispRf K=BAK CHARGE M=MO PAYMENT O=TRANS 3RD P=PRINIPAL R=REFUND T=TRANSFER CR W=OP MX ESC V=CNX VOUCER X=TRANSF BD Y=DISCOUNT Z=MO NO INT G=ADMIN FEE Q=DEPOSIT S=SUSPENSE J=CshMoRf
                      </span>
                    </Col>
                  </Row>
                </CardBody>
              </Card>
            </Col>
          </Row>
          <br />
          <Row
            tag="div"
            widths={
              Array [
                "xs",
                "sm",
                "md",
                "lg",
                "xl",
              ]
            }
          >
            <Col
              tag="div"
              widths={
                Array [
                  "xs",
                  "sm",
                  "md",
                  "lg",
                  "xl",
                ]
              }
              xs="4"
            >
              <Row
                tag="div"
                widths={
                  Array [
                    "xs",
                    "sm",
                    "md",
                    "lg",
                    "xl",
                  ]
                }
              >
                <Col
                  tag="div"
                  widths={
                    Array [
                      "xs",
                      "sm",
                      "md",
                      "lg",
                      "xl",
                    ]
                  }
                >
                  <Label
                    tag="label"
                    widths={
                      Array [
                        "xs",
                        "sm",
                        "md",
                        "lg",
                        "xl",
                      ]
                    }
                  >
                    MO PAYMENTS
                  </Label>
                  <Input
                    disabled={true}
                    type="text"
                  />
                </Col>
                <Col
                  tag="div"
                  widths={
                    Array [
                      "xs",
                      "sm",
                      "md",
                      "lg",
                      "xl",
                    ]
                  }
                >
                  <Input
                    type="checkbox"
                  />
                  <Label
                    tag="label"
                    widths={
                      Array [
                        "xs",
                        "sm",
                        "md",
                        "lg",
                        "xl",
                      ]
                    }
                  >
                    Late/Service Fee
                  </Label>
                  <Input
                    disabled={true}
                    type="text"
                  />
                </Col>
              </Row>
              <br />
              <Row
                tag="div"
                widths={
                  Array [
                    "xs",
                    "sm",
                    "md",
                    "lg",
                    "xl",
                  ]
                }
              >
                <Col
                  tag="div"
                  widths={
                    Array [
                      "xs",
                      "sm",
                      "md",
                      "lg",
                      "xl",
                    ]
                  }
                >
                  <Label
                    tag="label"
                    widths={
                      Array [
                        "xs",
                        "sm",
                        "md",
                        "lg",
                        "xl",
                      ]
                    }
                  >
                    PAYMENT AMT
                  </Label>
                  <Input
                    disabled={true}
                    type="text"
                  />
                </Col>
                <Col
                  tag="div"
                  widths={
                    Array [
                      "xs",
                      "sm",
                      "md",
                      "lg",
                      "xl",
                    ]
                  }
                >
                  <Input
                    type="checkbox"
                  />
                  <Label
                    tag="label"
                    widths={
                      Array [
                        "xs",
                        "sm",
                        "md",
                        "lg",
                        "xl",
                      ]
                    }
                  >
                     Refinancing Fee
                  </Label>
                  <Input
                    disabled={true}
                    type="text"
                  />
                </Col>
              </Row>
            </Col>
            <Col
              tag="div"
              widths={
                Array [
                  "xs",
                  "sm",
                  "md",
                  "lg",
                  "xl",
                ]
              }
              xs="8"
            >
              <Card
                tag="div"
              >
                <CardBody
                  tag="div"
                >
                  <CardTitle
                    tag="div"
                  >
                    <span>
                      Current Payment Application
                    </span>
                  </CardTitle>
                  <br />
                  <Row
                    tag="div"
                    widths={
                      Array [
                        "xs",
                        "sm",
                        "md",
                        "lg",
                        "xl",
                      ]
                    }
                  >
                    <Col
                      tag="div"
                      widths={
                        Array [
                          "xs",
                          "sm",
                          "md",
                          "lg",
                          "xl",
                        ]
                      }
                    >
                      <Label
                        tag="label"
                        widths={
                          Array [
                            "xs",
                            "sm",
                            "md",
                            "lg",
                            "xl",
                          ]
                        }
                      >
                        PRINCIPAL
                      </Label>
                      <Input
                        disabled={true}
                        type="text"
                      />
                    </Col>
                    <Col
                      tag="div"
                      widths={
                        Array [
                          "xs",
                          "sm",
                          "md",
                          "lg",
                          "xl",
                        ]
                      }
                    >
                      <Label
                        tag="label"
                        widths={
                          Array [
                            "xs",
                            "sm",
                            "md",
                            "lg",
                            "xl",
                          ]
                        }
                      >
                        INTEREST
                      </Label>
                      <Input
                        disabled={true}
                        type="text"
                      />
                    </Col>
                    <Col
                      tag="div"
                      widths={
                        Array [
                          "xs",
                          "sm",
                          "md",
                          "lg",
                          "xl",
                        ]
                      }
                    >
                      <Label
                        tag="label"
                        widths={
                          Array [
                            "xs",
                            "sm",
                            "md",
                            "lg",
                            "xl",
                          ]
                        }
                      >
                        SUPENSE
                      </Label>
                      <Input
                        disabled={true}
                        type="text"
                      />
                    </Col>
                    <Col
                      tag="div"
                      widths={
                        Array [
                          "xs",
                          "sm",
                          "md",
                          "lg",
                          "xl",
                        ]
                      }
                    >
                      <Label
                        tag="label"
                        widths={
                          Array [
                            "xs",
                            "sm",
                            "md",
                            "lg",
                            "xl",
                          ]
                        }
                      >
                        DOWN
                      </Label>
                      <Input
                        disabled={true}
                        type="text"
                      />
                    </Col>
                  </Row>
                  <br />
                  <Row
                    tag="div"
                    widths={
                      Array [
                        "xs",
                        "sm",
                        "md",
                        "lg",
                        "xl",
                      ]
                    }
                  >
                    <Col
                      tag="div"
                      widths={
                        Array [
                          "xs",
                          "sm",
                          "md",
                          "lg",
                          "xl",
                        ]
                      }
                    >
                      <Label
                        tag="label"
                        widths={
                          Array [
                            "xs",
                            "sm",
                            "md",
                            "lg",
                            "xl",
                          ]
                        }
                      >
                        ESCROW
                      </Label>
                      <Input
                        disabled={true}
                        type="text"
                      />
                    </Col>
                    <Col
                      tag="div"
                      widths={
                        Array [
                          "xs",
                          "sm",
                          "md",
                          "lg",
                          "xl",
                        ]
                      }
                    >
                      <Label
                        tag="label"
                        widths={
                          Array [
                            "xs",
                            "sm",
                            "md",
                            "lg",
                            "xl",
                          ]
                        }
                      >
                        OTHER
                      </Label>
                      <Input
                        disabled={true}
                        type="text"
                      />
                    </Col>
                    <Col
                      tag="div"
                      widths={
                        Array [
                          "xs",
                          "sm",
                          "md",
                          "lg",
                          "xl",
                        ]
                      }
                    >
                      <Label
                        tag="label"
                        widths={
                          Array [
                            "xs",
                            "sm",
                            "md",
                            "lg",
                            "xl",
                          ]
                        }
                      >
                        LATE FEE
                      </Label>
                      <Input
                        disabled={true}
                        type="text"
                      />
                    </Col>
                    <Col
                      tag="div"
                      widths={
                        Array [
                          "xs",
                          "sm",
                          "md",
                          "lg",
                          "xl",
                        ]
                      }
                    >
                      <Label
                        tag="label"
                        widths={
                          Array [
                            "xs",
                            "sm",
                            "md",
                            "lg",
                            "xl",
                          ]
                        }
                      >
                        REFINANCING FEE
                      </Label>
                      <Input
                        disabled={true}
                        type="text"
                      />
                    </Col>
                  </Row>
                </CardBody>
              </Card>
            </Col>
          </Row>
        </CardBody>
      </Card>
      <Row
        tag="div"
        widths={
          Array [
            "xs",
            "sm",
            "md",
            "lg",
            "xl",
          ]
        }
      >
        <Col
          tag="div"
          widths={
            Array [
              "xs",
              "sm",
              "md",
              "lg",
              "xl",
            ]
          }
          xs="9"
        />
        <Col
          tag="div"
          widths={
            Array [
              "xs",
              "sm",
              "md",
              "lg",
              "xl",
            ]
          }
          xs="3"
        >
          <ButtonGroup
            role="group"
            tag="div"
          >
            <Button
              color="primary"
              tag="button"
            >
              Save
            </Button>
            <Button
              color="primary"
              tag="button"
            >
              Cancel
            </Button>
            <Button
              color="primary"
              tag="button"
            >
              Close
            </Button>
          </ButtonGroup>
        </Col>
      </Row>
    </CardBody>
  </Card>
</Fragment>
`;
