// Jest Snapshot v1, https://goo.gl/fbAQLP

exports[`AsmCatalogsDetail component debe mostrar snapshot 1`] = `
<Container
  className="themed-container"
  fluid="sm"
  tag="div"
>
  <Card
    tag="div"
  >
    <CardHeader
      tag="div"
    >
      <CardTitle
        tag="h3"
      >
        ASM
      </CardTitle>
    </CardHeader>
    <CardBody
      tag="div"
    >
      <Row
        tag="div"
        widths={
          Array [
            "xs",
            "sm",
            "md",
            "lg",
            "xl",
          ]
        }
      >
        <Input
          col={3}
          label="Id"
          name="id"
          placeholder=""
          type="text"
        />
        <Input
          col={3}
          label="User Login"
          name="user_login"
          placeholder=""
          type="text"
        />
        <Input
          col={3}
          label="Name"
          name="name"
          placeholder=""
          type="text"
        />
        <Col
          lg="3"
          tag="div"
          widths={
            Array [
              "xs",
              "sm",
              "md",
              "lg",
              "xl",
            ]
          }
        >
          <Select />
        </Col>
      </Row>
      <div
        className="d-flex"
      >
        <Input
          col={4}
          label="Email"
          name="email"
          placeholder=""
          type="email"
        />
        <Checkbox
          label="Is Active"
          name="check1"
        />
        <Input
          col={4}
          label="Priority"
          name=""
          placeholder=""
          type="text"
        />
        <Checkbox
          label="Allow Automatic Assignment"
          name="check1"
        />
      </div>
      <div
        className="d-flex"
      >
        <Checkbox
          label="Permit Assign MM"
          name="check1"
        />
        <Input
          col={4}
          label="Priority Assign MM"
          name=""
          placeholder=""
          type="text"
        />
        <Checkbox
          label="Permit Assign NC"
          name="check1"
        />
        <Input
          col={4}
          label="Priority Assign NC"
          name=""
          placeholder=""
          type="text"
        />
      </div>
      <div
        className="d-flex"
      >
        <Checkbox
          label="Permit Assign M1"
          name="check1"
        />
        <Input
          col={4}
          label="Priority Assign M1"
          name=""
          placeholder=""
          type="text"
        />
        <Checkbox
          label="Permit Assign Crx TMP"
          name="check1"
        />
        <Input
          col={4}
          label="Priority Assign Crx TMP"
          name=""
          placeholder=""
          type="text"
        />
      </div>
      <div
        className="d-flex"
      >
        <Checkbox
          label="Permit Assign SM"
          name="check1"
        />
        <Input
          col={4}
          label="Priority Assign SM"
          name=""
          placeholder=""
          type="text"
        />
      </div>
    </CardBody>
    <CardFooter
      tag="div"
    >
      <div
        className="d-flex justify-content-end"
      >
        <Button
          col={2}
          icon="fas fa-check"
          title="Ok"
          type="button"
          typebootstrap="primary"
        />
        <Button
          col={2}
          icon="fas fa-times"
          title="Cancel"
          typebootstrap="secondary "
        />
      </div>
    </CardFooter>
  </Card>
</Container>
`;
