// Jest Snapshot v1, https://goo.gl/fbAQLP

exports[`BreakdownElectronicWalletPI component Debe mostrar snapshot 1`] = `
<Fragment>
  <Col
    tag="div"
    widths={
      Array [
        "xs",
        "sm",
        "md",
        "lg",
        "xl",
      ]
    }
  >
    <span>
      Product Information
    </span>
    <Row
      tag="div"
      widths={
        Array [
          "xs",
          "sm",
          "md",
          "lg",
          "xl",
        ]
      }
    >
      <Col
        tag="div"
        widths={
          Array [
            "xs",
            "sm",
            "md",
            "lg",
            "xl",
          ]
        }
      >
        <Row
          tag="div"
          widths={
            Array [
              "xs",
              "sm",
              "md",
              "lg",
              "xl",
            ]
          }
        >
          <InfoMembers
            text="03974374747823432874"
            title="Account number:"
          />
        </Row>
        <Row
          tag="div"
          widths={
            Array [
              "xs",
              "sm",
              "md",
              "lg",
              "xl",
            ]
          }
        >
          <InfoMembers
            text="03974374747823432874"
            title="Product number:"
          />
        </Row>
      </Col>
      <Col
        tag="div"
        widths={
          Array [
            "xs",
            "sm",
            "md",
            "lg",
            "xl",
          ]
        }
      >
        <Row
          tag="div"
          widths={
            Array [
              "xs",
              "sm",
              "md",
              "lg",
              "xl",
            ]
          }
        >
          <InfoMembers
            text="200.00"
            title="Amount:"
          />
        </Row>
        <Row
          tag="div"
          widths={
            Array [
              "xs",
              "sm",
              "md",
              "lg",
              "xl",
            ]
          }
        >
          <InfoMembers
            text="21"
            title="Total payments:"
          />
        </Row>
      </Col>
    </Row>
  </Col>
</Fragment>
`;
