// Jest Snapshot v1, https://goo.gl/fbAQLP

exports[`PlanDetail component debe mostrar snapshot 1`] = `
<Fragment>
  <Card
    tag="div"
  >
    <CardBody
      tag="div"
    >
      <CardTitle
        tag="h5"
      >
        Plan Detail
      </CardTitle>
      <Row
        tag="div"
        widths={
          Array [
            "xs",
            "sm",
            "md",
            "lg",
            "xl",
          ]
        }
      >
        <Col
          md={6}
          tag="div"
          widths={
            Array [
              "xs",
              "sm",
              "md",
              "lg",
              "xl",
            ]
          }
        >
          <Label
            tag="label"
            widths={
              Array [
                "xs",
                "sm",
                "md",
                "lg",
                "xl",
              ]
            }
          >
            Code
          </Label>
          <Input
            type="text"
          />
        </Col>
        <Col
          md={6}
          tag="div"
          widths={
            Array [
              "xs",
              "sm",
              "md",
              "lg",
              "xl",
            ]
          }
        >
          <Label
            tag="label"
            widths={
              Array [
                "xs",
                "sm",
                "md",
                "lg",
                "xl",
              ]
            }
          >
            Title
          </Label>
          <Input
            type="text"
          />
        </Col>
        <Col
          md={6}
          tag="div"
          widths={
            Array [
              "xs",
              "sm",
              "md",
              "lg",
              "xl",
            ]
          }
        >
          <Label
            tag="label"
            widths={
              Array [
                "xs",
                "sm",
                "md",
                "lg",
                "xl",
              ]
            }
          >
            Office
          </Label>
          <Input
            type="text"
          />
        </Col>
        <Col
          md={6}
          tag="div"
          widths={
            Array [
              "xs",
              "sm",
              "md",
              "lg",
              "xl",
            ]
          }
        >
          <Input
            id="exampleSelect"
            name="select"
            type="select"
          >
            <option>
              Alta
            </option>
            <option>
              2
            </option>
          </Input>
        </Col>
        <Col
          md={6}
          tag="div"
          widths={
            Array [
              "xs",
              "sm",
              "md",
              "lg",
              "xl",
            ]
          }
        >
          <Label
            tag="label"
            widths={
              Array [
                "xs",
                "sm",
                "md",
                "lg",
                "xl",
              ]
            }
          >
            Project
          </Label>
          <Input
            type="text"
          />
        </Col>
        <Col
          md={6}
          tag="div"
          widths={
            Array [
              "xs",
              "sm",
              "md",
              "lg",
              "xl",
            ]
          }
        >
          <Input
            id="exampleSelect"
            name="select"
            type="select"
          >
            <option>
              Alta
            </option>
            <option>
              2
            </option>
          </Input>
        </Col>
        <Col
          md={6}
          tag="div"
          widths={
            Array [
              "xs",
              "sm",
              "md",
              "lg",
              "xl",
            ]
          }
        >
          <Label
            tag="label"
            widths={
              Array [
                "xs",
                "sm",
                "md",
                "lg",
                "xl",
              ]
            }
          >
            Status
          </Label>
          <Input
            id="exampleSelect"
            name="select"
            type="select"
          >
            <option>
              Alta
            </option>
            <option>
              2
            </option>
          </Input>
        </Col>
      </Row>
      <Col
        className="justify-content-end"
        lg="4"
        tag="div"
        widths={
          Array [
            "xs",
            "sm",
            "md",
            "lg",
            "xl",
          ]
        }
      >
        <Button
          color="primary"
          tag="button"
        >
          <i
            className="fas fa-save"
          />
          Save
        </Button>
        <Button
          color="primary"
          tag="button"
        >
          <i
            className="fas fa-times"
          />
          Close
        </Button>
      </Col>
    </CardBody>
  </Card>
</Fragment>
`;
