// Jest Snapshot v1, https://goo.gl/fbAQLP

exports[`PromotionBenefitDetail component Debe mostrar snapshot 1`] = `
<Fragment>
  <Card
    tag="div"
  >
    <CardBody
      tag="div"
    >
      <CardTitle
        tag="h5"
      >
        Promotion Benefit
      </CardTitle>
      <Row
        tag="div"
        widths={
          Array [
            "xs",
            "sm",
            "md",
            "lg",
            "xl",
          ]
        }
      >
        <Col
          md={6}
          tag="div"
          widths={
            Array [
              "xs",
              "sm",
              "md",
              "lg",
              "xl",
            ]
          }
        >
          <Label
            tag="label"
            widths={
              Array [
                "xs",
                "sm",
                "md",
                "lg",
                "xl",
              ]
            }
          >
            Id
          </Label>
          <Input
            type="text"
          />
        </Col>
        <Col
          md={6}
          tag="div"
          widths={
            Array [
              "xs",
              "sm",
              "md",
              "lg",
              "xl",
            ]
          }
        >
          <Label
            tag="label"
            widths={
              Array [
                "xs",
                "sm",
                "md",
                "lg",
                "xl",
              ]
            }
          >
            Market
          </Label>
          <Input
            id="exampleSelect"
            name="select"
            type="select"
          >
            <option>
              1
            </option>
            <option>
              2
            </option>
          </Input>
        </Col>
        <Col
          md={6}
          tag="div"
          widths={
            Array [
              "xs",
              "sm",
              "md",
              "lg",
              "xl",
            ]
          }
        >
          <Label
            tag="label"
            widths={
              Array [
                "xs",
                "sm",
                "md",
                "lg",
                "xl",
              ]
            }
          >
            Market defined stay
          </Label>
          <Input
            type="text"
          />
        </Col>
        <Col
          md={6}
          tag="div"
          widths={
            Array [
              "xs",
              "sm",
              "md",
              "lg",
              "xl",
            ]
          }
        >
          <Label
            tag="label"
            widths={
              Array [
                "xs",
                "sm",
                "md",
                "lg",
                "xl",
              ]
            }
          >
            Referral regular stay
          </Label>
          <Input
            type="text"
          />
        </Col>
        <Col
          md={6}
          tag="div"
          widths={
            Array [
              "xs",
              "sm",
              "md",
              "lg",
              "xl",
            ]
          }
        >
          <Label
            tag="label"
            widths={
              Array [
                "xs",
                "sm",
                "md",
                "lg",
                "xl",
              ]
            }
          >
            Bonu Stay / Universal Credit
          </Label>
          <Input
            type="text"
          />
        </Col>
        <Col
          md={6}
          tag="div"
          widths={
            Array [
              "xs",
              "sm",
              "md",
              "lg",
              "xl",
            ]
          }
        >
          <Label
            tag="label"
            widths={
              Array [
                "xs",
                "sm",
                "md",
                "lg",
                "xl",
              ]
            }
          >
            Benefit to be award
          </Label>
          <Input
            id="exampleSelect"
            name="select"
            type="select"
          >
            <option>
              1
            </option>
            <option>
              2
            </option>
          </Input>
        </Col>
        <Col
          md={6}
          tag="div"
          widths={
            Array [
              "xs",
              "sm",
              "md",
              "lg",
              "xl",
            ]
          }
        >
          <Label
            tag="label"
            widths={
              Array [
                "xs",
                "sm",
                "md",
                "lg",
                "xl",
              ]
            }
          >
            NumberCouples
          </Label>
          <Input
            type="text"
          />
        </Col>
        <Col
          md={6}
          tag="div"
          widths={
            Array [
              "xs",
              "sm",
              "md",
              "lg",
              "xl",
            ]
          }
        >
          <Label
            tag="label"
            widths={
              Array [
                "xs",
                "sm",
                "md",
                "lg",
                "xl",
              ]
            }
          >
            Referral minimum stay
          </Label>
          <Input
            type="text"
          />
        </Col>
        <Col
          md={6}
          tag="div"
          widths={
            Array [
              "xs",
              "sm",
              "md",
              "lg",
              "xl",
            ]
          }
        >
          <Label
            tag="label"
            widths={
              Array [
                "xs",
                "sm",
                "md",
                "lg",
                "xl",
              ]
            }
          >
            Minimum award
          </Label>
          <Input
            type="text"
          />
        </Col>
        <Col
          md={6}
          tag="div"
          widths={
            Array [
              "xs",
              "sm",
              "md",
              "lg",
              "xl",
            ]
          }
        >
          <Label
            tag="label"
            widths={
              Array [
                "xs",
                "sm",
                "md",
                "lg",
                "xl",
              ]
            }
          >
            Status
          </Label>
          <Input
            id="exampleSelect"
            name="select"
            type="select"
          >
            <option>
              1
            </option>
            <option>
              2
            </option>
          </Input>
        </Col>
      </Row>
      <div
        className="d-flex justify-content-end"
      >
        <Button
          col={2}
          title="Ok"
          type="submit"
          typebootstrap="primary "
        />
        <Button
          col={2}
          title="Cancel"
          type="button"
          typebootstrap="secondary"
        />
      </div>
    </CardBody>
  </Card>
</Fragment>
`;
