// Jest Snapshot v1, https://goo.gl/fbAQLP

exports[`TableInProcess component Debe mostrar snapshot 1`] = `
<SimpleTable
  columns={
    Array [
      Object {
        "dataIndex": "application",
        "key": "application",
        "title": "Application",
        "width": "1%",
      },
      Object {
        "dataIndex": "company",
        "key": "company",
        "title": "Company",
        "width": "1%",
      },
      Object {
        "dataIndex": "transdate",
        "key": "transdate",
        "title": "Trans. date",
        "width": "1%",
      },
      Object {
        "dataIndex": "reference",
        "key": "reference",
        "title": "Reference",
        "width": "1%",
      },
      Object {
        "dataIndex": "authid",
        "key": "authid",
        "title": "Auth ID",
        "width": "1%",
      },
      Object {
        "dataIndex": "codesale",
        "key": "codesale",
        "title": "Code/Sale type",
        "width": "1%",
      },
      Object {
        "dataIndex": "salesarea",
        "key": "salesarea",
        "title": "Sales area",
        "width": "1%",
      },
      Object {
        "dataIndex": "where",
        "key": "where",
        "title": "Where",
        "width": "1%",
      },
      Object {
        "dataIndex": "invoice",
        "key": "invoice",
        "title": "Invoice #",
        "width": "1%",
      },
      Object {
        "dataIndex": "status",
        "key": "status",
        "title": "Status",
        "width": "1%",
      },
      Object {
        "dataIndex": "documents",
        "key": "documents",
        "title": "Documents",
        "width": "1%",
      },
    ]
  }
  data={
    Array [
      Object {
        "application": "",
        "authid": "",
        "codesale": "",
        "company": "",
        "documents": "",
        "invoice": "",
        "reference": "",
        "salesarea": "",
        "status": "",
        "transdate": "",
        "where": "",
      },
      Object {
        "application": "",
        "authid": "",
        "codesale": "",
        "company": "",
        "documents": "",
        "invoice": "",
        "reference": "",
        "salesarea": "",
        "status": "",
        "transdate": "",
        "where": "",
      },
      Object {
        "application": "",
        "authid": "",
        "codesale": "",
        "company": "",
        "documents": "",
        "invoice": "",
        "reference": "",
        "salesarea": "",
        "status": "",
        "transdate": "",
        "where": "",
      },
      Object {
        "application": "",
        "authid": "",
        "codesale": "",
        "company": "",
        "documents": "",
        "invoice": "",
        "reference": "",
        "salesarea": "",
        "status": "",
        "transdate": "",
        "where": "",
      },
    ]
  }
  type="table"
/>
`;
