// Jest Snapshot v1, https://goo.gl/fbAQLP

exports[`MemberWeeksInquiryData component debe mostrar snapshot 1`] = `
<Fragment>
  <h4>
    MemberWeeksInquiry
  </h4>
  <Row
    tag="div"
    widths={
      Array [
        "xs",
        "sm",
        "md",
        "lg",
        "xl",
      ]
    }
  >
    <Row
      tag="div"
      widths={
        Array [
          "xs",
          "sm",
          "md",
          "lg",
          "xl",
        ]
      }
    >
      <Col
        tag="div"
        widths={
          Array [
            "xs",
            "sm",
            "md",
            "lg",
            "xl",
          ]
        }
      >
        <Label
          tag="label"
          widths={
            Array [
              "xs",
              "sm",
              "md",
              "lg",
              "xl",
            ]
          }
        >
          CO #
        </Label>
        <Input
          type="number"
        />
      </Col>
      <Col
        tag="div"
        widths={
          Array [
            "xs",
            "sm",
            "md",
            "lg",
            "xl",
          ]
        }
      >
        <Label
          tag="label"
          widths={
            Array [
              "xs",
              "sm",
              "md",
              "lg",
              "xl",
            ]
          }
        >
          APPLIC #
        </Label>
        <InputGroup
          tag="div"
        >
          <Input
            type="number"
          />
          <InputGroupAddon
            addonType="append"
            tag="div"
          >
            <InputGroupText
              tag="span"
            >
              <i
                className="fas fa-search"
              />
            </InputGroupText>
          </InputGroupAddon>
        </InputGroup>
      </Col>
    </Row>
    <Row
      tag="div"
      widths={
        Array [
          "xs",
          "sm",
          "md",
          "lg",
          "xl",
        ]
      }
    >
      <Col
        tag="div"
        widths={
          Array [
            "xs",
            "sm",
            "md",
            "lg",
            "xl",
          ]
        }
      >
        <Label
          tag="label"
          widths={
            Array [
              "xs",
              "sm",
              "md",
              "lg",
              "xl",
            ]
          }
        >
          REL:
        </Label>
        <Input
          type="number"
        />
      </Col>
      <Col
        tag="div"
        widths={
          Array [
            "xs",
            "sm",
            "md",
            "lg",
            "xl",
          ]
        }
      >
        <Label
          tag="label"
          widths={
            Array [
              "xs",
              "sm",
              "md",
              "lg",
              "xl",
            ]
          }
        >
          REF:
        </Label>
        <Input
          type="number"
        />
      </Col>
    </Row>
    <Row
      tag="div"
      widths={
        Array [
          "xs",
          "sm",
          "md",
          "lg",
          "xl",
        ]
      }
    >
      <Col
        tag="div"
        widths={
          Array [
            "xs",
            "sm",
            "md",
            "lg",
            "xl",
          ]
        }
      >
        <Label
          tag="label"
          widths={
            Array [
              "xs",
              "sm",
              "md",
              "lg",
              "xl",
            ]
          }
        >
          NAME:
        </Label>
        <Input
          type="text"
        />
      </Col>
    </Row>
  </Row>
</Fragment>
`;
