// Jest Snapshot v1, https://goo.gl/fbAQLP

exports[`MemberElectronicDetailLog component debe mostrar snapshot 1`] = `
<div
  className="container mt-3"
>
  <div
    className="row"
  >
    <div
      className="col-md-3"
    >
      <Input
        col={12}
        label="Date From "
        placeholder=""
        type="date"
      />
    </div>
    <div
      className="col-md-3"
    />
    <div
      className="col-md-3"
    >
      <Input
        col={12}
        label="Field Name"
        placeholder=""
        type="text"
      />
    </div>
    <div
      className="col-md-3"
    >
      <Button
        col="12"
        icon="fas fa-filter"
        title="Apply Filter"
        type="button"
        typebootstrap="link main"
      />
    </div>
  </div>
  <div
    className="row"
  >
    <div
      className="col-md-3"
    >
      <Input
        col={12}
        label="Date To "
        placeholder=""
        type="date"
      />
    </div>
    <div
      className="col-md-3"
    >
      <Input
        col={12}
        label="User To"
        placeholder=""
        type="text"
      />
    </div>
    <div
      className="col-md-3"
    >
      <Input
        col={12}
        label="Value"
        placeholder=""
        type="text"
      />
    </div>
    <div
      className="col-md-3"
    >
      <Button
        col="12"
        icon="fas fa-filter"
        title="Clear Filter"
        type="button"
        typebootstrap="link main"
      />
    </div>
  </div>
  <div
    className="row"
  >
    <Table
      columns={
        Array [
          Object {
            "dataIndex": "user",
            "key": "user",
            "title": "User ",
            "width": 100,
          },
          Object {
            "dataIndex": "date",
            "key": "date",
            "render": [Function],
            "title": "Date/Time",
            "width": 100,
          },
          Object {
            "dataIndex": "module",
            "key": "module",
            "title": "Module ",
            "width": 100,
          },
          Object {
            "dataIndex": "action",
            "key": "action",
            "title": "Action ",
            "width": 100,
          },
          Object {
            "dataIndex": "original",
            "key": "original",
            "title": "Original ",
            "width": 150,
          },
          Object {
            "dataIndex": "changes",
            "key": "changes",
            "title": "Changes ",
            "width": 150,
          },
        ]
      }
      dataSource={Array []}
      rowKey="key"
    />
  </div>
  <br />
  <div
    className="row"
  >
    <Button
      col={3}
      title="Close"
      type="button"
      typebootstrap="secondary"
    />
  </div>
</div>
`;
