// Jest Snapshot v1, https://goo.gl/fbAQLP

exports[`MemberReservationRatesMI component debe mostrar snapshot 1`] = `
<Fragment>
  <Row
    tag="div"
    widths={
      Array [
        "xs",
        "sm",
        "md",
        "lg",
        "xl",
      ]
    }
  >
    <Row
      tag="div"
      widths={
        Array [
          "xs",
          "sm",
          "md",
          "lg",
          "xl",
        ]
      }
    >
      <h4>
        Member Information
      </h4>
      <Col
        tag="div"
        widths={
          Array [
            "xs",
            "sm",
            "md",
            "lg",
            "xl",
          ]
        }
      >
        <InfoMembersNoContainer
          text="NOMBRE COMPLETO"
          title="Member Name"
        />
      </Col>
    </Row>
    <Row
      tag="div"
      widths={
        Array [
          "xs",
          "sm",
          "md",
          "lg",
          "xl",
        ]
      }
    >
      <Col
        tag="div"
        widths={
          Array [
            "xs",
            "sm",
            "md",
            "lg",
            "xl",
          ]
        }
      >
        <InfoMembersNoContainer
          text="5"
          title="Company"
        />
      </Col>
      <Col
        tag="div"
        widths={
          Array [
            "xs",
            "sm",
            "md",
            "lg",
            "xl",
          ]
        }
      >
        <InfoMembersNoContainer
          text="60007770"
          title="Application"
        />
      </Col>
    </Row>
  </Row>
</Fragment>
`;
